Mar 30 19:54:43 d8797  004439: Qtech8797 %Mar 30 19:54:42 2018 MODULE_PORT[tphyDaemon]:%LINEPROTO-5-UPDOWN: Line protocol on Interface Ethernet1/7, changed state to DOWN
Mar 30 19:54:43 d9463 %LINK-W-Down:  gi1/0/9  
Mar 30 19:54:43 d11814 %LINK-W-Down:  gi1/0/27  
Mar 30 19:54:43 d665 %LINK-W-Down:  e17#015
Mar 30 19:54:43 d9985 %LINK-W-Down:  gi1/0/20  
Mar 30 19:54:44 d713 %LINK-W-Down:  e16#015
Mar 30 20:54:44 172.28.10.251 INFO: Port 23 link down
Mar 30 20:54:44 172.28.8.156 INFO: Port 7 link down
Mar 30 19:54:44 d11652 %LINK-W-Down:  gi1/0/9  
Mar 30 19:54:45 d11134 %LINK-W-Down:  gi1/0/7  
Mar 30 19:54:45 d583 %LINK-W-Down:  e5#015
Mar 30 20:54:45 172.28.6.151 INFO: Port 10 link down
